[19-May-2026 08:31:59 Asia/Kolkata] Database Connection Error: SQLSTATE[HY000] [1045] Access denied for user 'root'@'localhost' (using password: NO)
[19-May-2026 08:52:49 Asia/Kolkata] PHP Fatal error:  Uncaught PDOException: SQLSTATE[42S02]: Base table or view not found: 1146 Table 'ecomai.settings' doesn't exist in C:\xampp\htdocs\e-com-ai\includes\functions.php:316
Stack trace:
#0 C:\xampp\htdocs\e-com-ai\includes\functions.php(316): PDO->prepare('SELECT setting_...')
#1 C:\xampp\htdocs\e-com-ai\includes\header.php(38): getSetting('site_email')
#2 C:\xampp\htdocs\e-com-ai\index.php(5): include('C:\\xampp\\htdocs...')
#3 {main}
  thrown in C:\xampp\htdocs\e-com-ai\includes\functions.php on line 316
[19-May-2026 08:53:28 Asia/Kolkata] PHP Fatal error:  Uncaught PDOException: SQLSTATE[42S02]: Base table or view not found: 1146 Table 'ecomai.settings' doesn't exist in C:\xampp\htdocs\e-com-ai\includes\functions.php:316
Stack trace:
#0 C:\xampp\htdocs\e-com-ai\includes\functions.php(316): PDO->prepare('SELECT setting_...')
#1 C:\xampp\htdocs\e-com-ai\includes\header.php(38): getSetting('site_email')
#2 C:\xampp\htdocs\e-com-ai\index.php(5): include('C:\\xampp\\htdocs...')
#3 {main}
  thrown in C:\xampp\htdocs\e-com-ai\includes\functions.php on line 316
[19-May-2026 08:57:55 Asia/Kolkata] PHP Fatal error:  Uncaught PDOException: SQLSTATE[42S02]: Base table or view not found: 1146 Table 'ecomai.settings' doesn't exist in C:\xampp\htdocs\e-com-ai\includes\functions.php:316
Stack trace:
#0 C:\xampp\htdocs\e-com-ai\includes\functions.php(316): PDO->prepare('SELECT setting_...')
#1 C:\xampp\htdocs\e-com-ai\includes\header.php(38): getSetting('site_email')
#2 C:\xampp\htdocs\e-com-ai\index.php(5): include('C:\\xampp\\htdocs...')
#3 {main}
  thrown in C:\xampp\htdocs\e-com-ai\includes\functions.php on line 316
[19-May-2026 08:58:12 Asia/Kolkata] PHP Fatal error:  Uncaught PDOException: SQLSTATE[42S02]: Base table or view not found: 1146 Table 'ecomai.settings' doesn't exist in C:\xampp\htdocs\e-com-ai\includes\functions.php:316
Stack trace:
#0 C:\xampp\htdocs\e-com-ai\includes\functions.php(316): PDO->prepare('SELECT setting_...')
#1 C:\xampp\htdocs\e-com-ai\includes\header.php(38): getSetting('site_email')
#2 C:\xampp\htdocs\e-com-ai\index.php(5): include('C:\\xampp\\htdocs...')
#3 {main}
  thrown in C:\xampp\htdocs\e-com-ai\includes\functions.php on line 316
[19-May-2026 09:51:36 Asia/Kolkata] PHP Warning:  Undefined variable $cartCount in C:\xampp\htdocs\e-com-ai\includes\header.php on line 92
[19-May-2026 09:57:41 Asia/Kolkata] PHP Warning:  Undefined variable $startCount– in C:\xampp\htdocs\e-com-ai\shop.php on line 260
[19-May-2026 10:02:26 Asia/Kolkata] PHP Warning:  Undefined variable $startCount– in C:\xampp\htdocs\e-com-ai\shop.php on line 260
[19-May-2026 10:07:59 Asia/Kolkata] PHP Warning:  Cannot modify header information - headers already sent by (output started at C:\xampp\htdocs\e-com-ai\includes\header.php:74) in C:\xampp\htdocs\e-com-ai\checkout.php on line 155
[19-May-2026 10:08:09 Asia/Kolkata] PHP Warning:  Cannot modify header information - headers already sent by (output started at C:\xampp\htdocs\e-com-ai\includes\header.php:74) in C:\xampp\htdocs\e-com-ai\checkout.php on line 14
[19-May-2026 10:15:18 Asia/Kolkata] PHP Warning:  Cannot modify header information - headers already sent by (output started at C:\xampp\htdocs\e-com-ai\includes\header.php:74) in C:\xampp\htdocs\e-com-ai\checkout.php on line 155
[19-May-2026 10:17:31 Asia/Kolkata] PHP Deprecated:  trim(): Passing null to parameter #1 ($string) of type string is deprecated in C:\xampp\htdocs\e-com-ai\includes\functions.php on line 14
[19-May-2026 10:17:31 Asia/Kolkata] PHP Deprecated:  trim(): Passing null to parameter #1 ($string) of type string is deprecated in C:\xampp\htdocs\e-com-ai\includes\functions.php on line 14
[19-May-2026 10:17:31 Asia/Kolkata] PHP Deprecated:  trim(): Passing null to parameter #1 ($string) of type string is deprecated in C:\xampp\htdocs\e-com-ai\includes\functions.php on line 14
[19-May-2026 10:17:31 Asia/Kolkata] PHP Deprecated:  trim(): Passing null to parameter #1 ($string) of type string is deprecated in C:\xampp\htdocs\e-com-ai\includes\functions.php on line 14
[19-May-2026 10:17:31 Asia/Kolkata] PHP Deprecated:  trim(): Passing null to parameter #1 ($string) of type string is deprecated in C:\xampp\htdocs\e-com-ai\includes\functions.php on line 14
[19-May-2026 10:17:31 Asia/Kolkata] PHP Deprecated:  trim(): Passing null to parameter #1 ($string) of type string is deprecated in C:\xampp\htdocs\e-com-ai\includes\functions.php on line 14
[19-May-2026 10:17:31 Asia/Kolkata] PHP Deprecated:  trim(): Passing null to parameter #1 ($string) of type string is deprecated in C:\xampp\htdocs\e-com-ai\includes\functions.php on line 14
[19-May-2026 10:17:31 Asia/Kolkata] PHP Deprecated:  trim(): Passing null to parameter #1 ($string) of type string is deprecated in C:\xampp\htdocs\e-com-ai\includes\functions.php on line 14
[19-May-2026 10:17:31 Asia/Kolkata] PHP Deprecated:  trim(): Passing null to parameter #1 ($string) of type string is deprecated in C:\xampp\htdocs\e-com-ai\includes\functions.php on line 14
[19-May-2026 10:17:31 Asia/Kolkata] PHP Deprecated:  trim(): Passing null to parameter #1 ($string) of type string is deprecated in C:\xampp\htdocs\e-com-ai\includes\functions.php on line 14
[19-May-2026 10:17:31 Asia/Kolkata] PHP Deprecated:  trim(): Passing null to parameter #1 ($string) of type string is deprecated in C:\xampp\htdocs\e-com-ai\includes\functions.php on line 14
[19-May-2026 10:17:31 Asia/Kolkata] PHP Deprecated:  trim(): Passing null to parameter #1 ($string) of type string is deprecated in C:\xampp\htdocs\e-com-ai\includes\functions.php on line 14
[19-May-2026 10:18:57 Asia/Kolkata] PHP Deprecated:  trim(): Passing null to parameter #1 ($string) of type string is deprecated in C:\xampp\htdocs\e-com-ai\includes\functions.php on line 14
[19-May-2026 10:18:57 Asia/Kolkata] PHP Deprecated:  trim(): Passing null to parameter #1 ($string) of type string is deprecated in C:\xampp\htdocs\e-com-ai\includes\functions.php on line 14
[19-May-2026 10:18:57 Asia/Kolkata] PHP Deprecated:  trim(): Passing null to parameter #1 ($string) of type string is deprecated in C:\xampp\htdocs\e-com-ai\includes\functions.php on line 14
[19-May-2026 10:18:57 Asia/Kolkata] PHP Deprecated:  trim(): Passing null to parameter #1 ($string) of type string is deprecated in C:\xampp\htdocs\e-com-ai\includes\functions.php on line 14
[19-May-2026 10:18:57 Asia/Kolkata] PHP Deprecated:  trim(): Passing null to parameter #1 ($string) of type string is deprecated in C:\xampp\htdocs\e-com-ai\includes\functions.php on line 14
[19-May-2026 10:18:57 Asia/Kolkata] PHP Deprecated:  trim(): Passing null to parameter #1 ($string) of type string is deprecated in C:\xampp\htdocs\e-com-ai\includes\functions.php on line 14
[19-May-2026 10:18:57 Asia/Kolkata] PHP Deprecated:  trim(): Passing null to parameter #1 ($string) of type string is deprecated in C:\xampp\htdocs\e-com-ai\includes\functions.php on line 14
[19-May-2026 10:18:57 Asia/Kolkata] PHP Deprecated:  trim(): Passing null to parameter #1 ($string) of type string is deprecated in C:\xampp\htdocs\e-com-ai\includes\functions.php on line 14
[19-May-2026 10:18:57 Asia/Kolkata] PHP Deprecated:  trim(): Passing null to parameter #1 ($string) of type string is deprecated in C:\xampp\htdocs\e-com-ai\includes\functions.php on line 14
[19-May-2026 10:18:57 Asia/Kolkata] PHP Deprecated:  trim(): Passing null to parameter #1 ($string) of type string is deprecated in C:\xampp\htdocs\e-com-ai\includes\functions.php on line 14
[19-May-2026 10:18:57 Asia/Kolkata] PHP Deprecated:  trim(): Passing null to parameter #1 ($string) of type string is deprecated in C:\xampp\htdocs\e-com-ai\includes\functions.php on line 14
[19-May-2026 10:18:57 Asia/Kolkata] PHP Deprecated:  trim(): Passing null to parameter #1 ($string) of type string is deprecated in C:\xampp\htdocs\e-com-ai\includes\functions.php on line 14
